------------------------------------------------------------
Timing Analyzer Summary
------------------------------------------------------------

Type  : Slow 1100mV 85C Model Setup 'CLOCK_50'
Slack : -2.741
TNS   : -108.804

Type  : Slow 1100mV 85C Model Hold 'CLOCK_50'
Slack : 0.374
TNS   : 0.000

Type  : Slow 1100mV 85C Model Minimum Pulse Width 'CLOCK_50'
Slack : -0.394
TNS   : -27.229

Type  : Slow 1100mV 0C Model Setup 'CLOCK_50'
Slack : -2.662
TNS   : -106.141

Type  : Slow 1100mV 0C Model Hold 'CLOCK_50'
Slack : 0.375
TNS   : 0.000

Type  : Slow 1100mV 0C Model Minimum Pulse Width 'CLOCK_50'
Slack : -0.394
TNS   : -24.928

Type  : Fast 1100mV 85C Model Setup 'CLOCK_50'
Slack : -1.193
TNS   : -45.809

Type  : Fast 1100mV 85C Model Hold 'CLOCK_50'
Slack : 0.184
TNS   : 0.000

Type  : Fast 1100mV 85C Model Minimum Pulse Width 'CLOCK_50'
Slack : -0.394
TNS   : -18.678

Type  : Fast 1100mV 0C Model Setup 'CLOCK_50'
Slack : -1.012
TNS   : -38.866

Type  : Fast 1100mV 0C Model Hold 'CLOCK_50'
Slack : 0.174
TNS   : 0.000

Type  : Fast 1100mV 0C Model Minimum Pulse Width 'CLOCK_50'
Slack : -0.433
TNS   : -22.413

------------------------------------------------------------
